[2025-03-18T19:11:13.868-0500][gc,heap] Heap region size: 1M
[2025-03-18T19:11:13.879-0500][gc     ] Using G1
[2025-03-18T19:11:13.879-0500][gc,heap,coops] Heap address: 0x00000007c0000000, size: 1024 MB, Compressed Oops mode: Zero based, Oop shift amount: 3
[2025-03-18T19:11:16.208-0500][gc,start     ] GC(0) Pause Young (Concurrent Start) (Metadata GC Threshold)
[2025-03-18T19:11:16.208-0500][gc,task      ] GC(0) Using 4 workers of 4 for evacuation
[2025-03-18T19:11:16.220-0500][gc,phases    ] GC(0)   Pre Evacuate Collection Set: 0.0ms
[2025-03-18T19:11:16.220-0500][gc,phases    ] GC(0)   Evacuate Collection Set: 10.7ms
[2025-03-18T19:11:16.220-0500][gc,phases    ] GC(0)   Post Evacuate Collection Set: 0.5ms
[2025-03-18T19:11:16.220-0500][gc,phases    ] GC(0)   Other: 0.6ms
[2025-03-18T19:11:16.220-0500][gc,heap      ] GC(0) Eden regions: 50->0(44)
[2025-03-18T19:11:16.220-0500][gc,heap      ] GC(0) Survivor regions: 0->7(7)
[2025-03-18T19:11:16.220-0500][gc,heap      ] GC(0) Old regions: 0->1
[2025-03-18T19:11:16.220-0500][gc,heap      ] GC(0) Humongous regions: 0->0
[2025-03-18T19:11:16.220-0500][gc,metaspace ] GC(0) Metaspace: 20770K(21296K)->20770K(21296K) NonClass: 18497K(18864K)->18497K(18864K) Class: 2273K(2432K)->2273K(2432K)
[2025-03-18T19:11:16.220-0500][gc           ] GC(0) Pause Young (Concurrent Start) (Metadata GC Threshold) 49M->7M(1024M) 12.077ms
[2025-03-18T19:11:16.220-0500][gc,cpu       ] GC(0) User=0.02s Sys=0.00s Real=0.02s
[2025-03-18T19:11:16.220-0500][gc           ] GC(1) Concurrent Cycle
[2025-03-18T19:11:16.220-0500][gc,marking   ] GC(1) Concurrent Clear Claimed Marks
[2025-03-18T19:11:16.220-0500][gc,marking   ] GC(1) Concurrent Clear Claimed Marks 0.042ms
[2025-03-18T19:11:16.220-0500][gc,marking   ] GC(1) Concurrent Scan Root Regions
[2025-03-18T19:11:16.224-0500][gc,marking   ] GC(1) Concurrent Scan Root Regions 3.351ms
[2025-03-18T19:11:16.224-0500][gc,marking   ] GC(1) Concurrent Mark (2.363s)
[2025-03-18T19:11:16.224-0500][gc,marking   ] GC(1) Concurrent Mark From Roots
[2025-03-18T19:11:16.224-0500][gc,task      ] GC(1) Using 1 workers of 1 for marking
[2025-03-18T19:11:16.226-0500][gc,marking   ] GC(1) Concurrent Mark From Roots 2.103ms
[2025-03-18T19:11:16.226-0500][gc,marking   ] GC(1) Concurrent Preclean
[2025-03-18T19:11:16.226-0500][gc,marking   ] GC(1) Concurrent Preclean 0.040ms
[2025-03-18T19:11:16.226-0500][gc,marking   ] GC(1) Concurrent Mark (2.363s, 2.365s) 2.233ms
[2025-03-18T19:11:16.226-0500][gc,start     ] GC(1) Pause Remark
[2025-03-18T19:11:16.228-0500][gc,stringtable] GC(1) Cleaned string and symbol table, strings: 7980 processed, 0 removed, symbols: 66524 processed, 32 removed
[2025-03-18T19:11:16.229-0500][gc            ] GC(1) Pause Remark 8M->8M(1024M) 2.644ms
[2025-03-18T19:11:16.229-0500][gc,cpu        ] GC(1) User=0.01s Sys=0.00s Real=0.00s
[2025-03-18T19:11:16.229-0500][gc,marking    ] GC(1) Concurrent Rebuild Remembered Sets
[2025-03-18T19:11:16.230-0500][gc,marking    ] GC(1) Concurrent Rebuild Remembered Sets 1.554ms
[2025-03-18T19:11:16.231-0500][gc,start      ] GC(1) Pause Cleanup
[2025-03-18T19:11:16.231-0500][gc            ] GC(1) Pause Cleanup 8M->8M(1024M) 0.271ms
[2025-03-18T19:11:16.231-0500][gc,cpu        ] GC(1) User=0.01s Sys=0.00s Real=0.00s
[2025-03-18T19:11:16.231-0500][gc,marking    ] GC(1) Concurrent Cleanup for Next Mark
[2025-03-18T19:11:16.244-0500][gc,marking    ] GC(1) Concurrent Cleanup for Next Mark 13.358ms
[2025-03-18T19:11:16.244-0500][gc            ] GC(1) Concurrent Cycle 24.310ms
[2025-03-18T19:11:35.502-0500][gc,heap,exit  ] Heap
[2025-03-18T19:11:35.502-0500][gc,heap,exit  ]  garbage-first heap   total 1048576K, used 21472K [0x00000007c0000000, 0x0000000800000000)
[2025-03-18T19:11:35.502-0500][gc,heap,exit  ]   region size 1024K, 21 young (21504K), 7 survivors (7168K)
[2025-03-18T19:11:35.502-0500][gc,heap,exit  ]  Metaspace       used 22723K, capacity 23258K, committed 23296K, reserved 1069056K
[2025-03-18T19:11:35.502-0500][gc,heap,exit  ]   class space    used 2589K, capacity 2810K, committed 2816K, reserved 1048576K
