[2025-03-18T19:28:04.740-0500][gc,heap] Heap region size: 1M
[2025-03-18T19:28:04.750-0500][gc     ] Using G1
[2025-03-18T19:28:04.750-0500][gc,heap,coops] Heap address: 0x00000007c0000000, size: 1024 MB, Compressed Oops mode: Zero based, Oop shift amount: 3
[2025-03-18T19:28:08.326-0500][gc,start     ] GC(0) Pause Young (Concurrent Start) (Metadata GC Threshold)
[2025-03-18T19:28:08.326-0500][gc,task      ] GC(0) Using 4 workers of 4 for evacuation
[2025-03-18T19:28:08.337-0500][gc,phases    ] GC(0)   Pre Evacuate Collection Set: 0.0ms
[2025-03-18T19:28:08.337-0500][gc,phases    ] GC(0)   Evacuate Collection Set: 10.1ms
[2025-03-18T19:28:08.337-0500][gc,phases    ] GC(0)   Post Evacuate Collection Set: 0.6ms
[2025-03-18T19:28:08.337-0500][gc,phases    ] GC(0)   Other: 0.8ms
[2025-03-18T19:28:08.337-0500][gc,heap      ] GC(0) Eden regions: 50->0(44)
[2025-03-18T19:28:08.337-0500][gc,heap      ] GC(0) Survivor regions: 0->7(7)
[2025-03-18T19:28:08.337-0500][gc,heap      ] GC(0) Old regions: 0->1
[2025-03-18T19:28:08.337-0500][gc,heap      ] GC(0) Humongous regions: 0->0
[2025-03-18T19:28:08.337-0500][gc,metaspace ] GC(0) Metaspace: 20724K(21296K)->20724K(21296K) NonClass: 18455K(18864K)->18455K(18864K) Class: 2269K(2432K)->2269K(2432K)
[2025-03-18T19:28:08.338-0500][gc           ] GC(0) Pause Young (Concurrent Start) (Metadata GC Threshold) 50M->7M(1024M) 11.684ms
[2025-03-18T19:28:08.338-0500][gc,cpu       ] GC(0) User=0.03s Sys=0.01s Real=0.01s
[2025-03-18T19:28:08.338-0500][gc           ] GC(1) Concurrent Cycle
[2025-03-18T19:28:08.338-0500][gc,marking   ] GC(1) Concurrent Clear Claimed Marks
[2025-03-18T19:28:08.338-0500][gc,marking   ] GC(1) Concurrent Clear Claimed Marks 0.040ms
[2025-03-18T19:28:08.338-0500][gc,marking   ] GC(1) Concurrent Scan Root Regions
[2025-03-18T19:28:08.342-0500][gc,marking   ] GC(1) Concurrent Scan Root Regions 3.848ms
[2025-03-18T19:28:08.342-0500][gc,marking   ] GC(1) Concurrent Mark (3.612s)
[2025-03-18T19:28:08.342-0500][gc,marking   ] GC(1) Concurrent Mark From Roots
[2025-03-18T19:28:08.342-0500][gc,task      ] GC(1) Using 1 workers of 1 for marking
[2025-03-18T19:28:08.344-0500][gc,marking   ] GC(1) Concurrent Mark From Roots 2.048ms
[2025-03-18T19:28:08.344-0500][gc,marking   ] GC(1) Concurrent Preclean
[2025-03-18T19:28:08.344-0500][gc,marking   ] GC(1) Concurrent Preclean 0.034ms
[2025-03-18T19:28:08.344-0500][gc,marking   ] GC(1) Concurrent Mark (3.612s, 3.614s) 2.185ms
[2025-03-18T19:28:08.344-0500][gc,start     ] GC(1) Pause Remark
[2025-03-18T19:28:08.348-0500][gc,stringtable] GC(1) Cleaned string and symbol table, strings: 7998 processed, 0 removed, symbols: 66440 processed, 32 removed
[2025-03-18T19:28:08.348-0500][gc            ] GC(1) Pause Remark 8M->8M(1024M) 4.186ms
[2025-03-18T19:28:08.348-0500][gc,cpu        ] GC(1) User=0.01s Sys=0.00s Real=0.00s
[2025-03-18T19:28:08.348-0500][gc,marking    ] GC(1) Concurrent Rebuild Remembered Sets
[2025-03-18T19:28:08.350-0500][gc,marking    ] GC(1) Concurrent Rebuild Remembered Sets 1.046ms
[2025-03-18T19:28:08.350-0500][gc,start      ] GC(1) Pause Cleanup
[2025-03-18T19:28:08.350-0500][gc            ] GC(1) Pause Cleanup 8M->8M(1024M) 0.155ms
[2025-03-18T19:28:08.350-0500][gc,cpu        ] GC(1) User=0.00s Sys=0.00s Real=0.00s
[2025-03-18T19:28:08.350-0500][gc,marking    ] GC(1) Concurrent Cleanup for Next Mark
[2025-03-18T19:28:08.362-0500][gc,marking    ] GC(1) Concurrent Cleanup for Next Mark 12.474ms
[2025-03-18T19:28:08.363-0500][gc            ] GC(1) Concurrent Cycle 24.872ms
[2025-03-18T19:28:27.713-0500][gc,heap,exit  ] Heap
[2025-03-18T19:28:27.714-0500][gc,heap,exit  ]  garbage-first heap   total 1048576K, used 21168K [0x00000007c0000000, 0x0000000800000000)
[2025-03-18T19:28:27.714-0500][gc,heap,exit  ]   region size 1024K, 21 young (21504K), 7 survivors (7168K)
[2025-03-18T19:28:27.715-0500][gc,heap,exit  ]  Metaspace       used 22705K, capacity 23194K, committed 23548K, reserved 1071104K
[2025-03-18T19:28:27.715-0500][gc,heap,exit  ]   class space    used 2588K, capacity 2810K, committed 2892K, reserved 1048576K
